// Jest Snapshot v1, https://goo.gl/fbAQLP

exports[`Typography should render properly 1`] = `
<DocumentFragment>
  <h1
    class="spacer"
  >
    123
  </h1>
</DocumentFragment>
`;
